Fri May 6 07:04:05 UTC 2022 Plato
Fri May 6 07:04:05 UTC 2022 Camus
Fri May 6 07:04:05 UTC 2022 Voltaire
Fri May 6 07:04:05 UTC 2022 Heidegger
Fri May 6 07:04:05 UTC 2022 Kierkegaard
Fri May 6 07:04:05 UTC 2022 Sartre
Fri May 6 07:04:05 UTC 2022 Hobbes
